// Jest Snapshot v1, https://goo.gl/fbAQLP

exports[`RunCommand in a basic repo runs a script in all packages with --parallel 1`] = `
Array [
  "packages/package-1 npm run env",
  "packages/package-2 npm run env",
  "packages/package-3 npm run env",
  "packages/package-4 npm run env",
]
`;

exports[`RunCommand in a basic repo runs a script in packages with --stream 1`] = `
Array [
  "packages/package-1 npm run my-script",
  "packages/package-3 npm run my-script",
]
`;
