// Jest Snapshot v1, https://goo.gl/fbAQLP

exports[`publish --ignore-changes does not publish packages with ignored changes 1`] = `
"v1.0.1
D

lerna.json
packages/package-4/package.json"
`;

exports[`publish --ignore-changes is mapped from deprecated --ignore 1`] = `
"v1.0.1
D

lerna.json
packages/package-4/package.json"
`;
