// Jest Snapshot v1, https://goo.gl/fbAQLP

exports[`flatOptions 1`] = `
Object {
  "//lerna-test.npme.io/:_authToken": "beefcafe",
  "//registry.npmjs.org/:_authToken": "deadbeef",
  "@lerna-test:registry": "https://lerna-test.npme.io/",
  "_auth": null,
  "access": null,
  "all": false,
  "allowSameVersion": false,
  "alwaysAuth": false,
  "audit": true,
  "auditLevel": null,
  "authType": "legacy",
  "before": null,
  "binLinks": true,
  "browser": null,
  "ca": null,
  "cache": Any<String>,
  "cafile": null,
  "call": "",
  "cert": null,
  "cidr": null,
  "color": false,
  "commitHooks": true,
  "defaultTag": "latest",
  "depth": null,
  "dmode": Any<Number>,
  "dryRun": false,
  "editor": "vi",
  "engineStrict": false,
  "fmode": Any<Number>,
  "force": false,
  "formatPackageLock": true,
  "fund": true,
  "git": "git",
  "gitTagVersion": true,
  "global": false,
  "globalPrefix": Any<String>,
  "globalStyle": false,
  "hashAlgorithm": "sha1",
  "ignoreScripts": false,
  "includeStaged": false,
  "json": false,
  "key": null,
  "legacyBundling": false,
  "legacyPeerDeps": false,
  "localPrefix": Any<String>,
  "log": Any<EventEmitter>,
  "long": false,
  "message": "%s",
  "metricsRegistry": "https://registry.npmjs.org/",
  "noProxy": null,
  "nodeBin": Any<String>,
  "nodeVersion": Any<String>,
  "npmBin": "npm",
  "npmCommand": undefined,
  "npmSession": Any<String>,
  "npmVersion": "3.22.1",
  "offline": false,
  "omit": Array [],
  "otp": null,
  "package": Array [],
  "packageLock": true,
  "packageLockOnly": false,
  "parseable": false,
  "preferDedupe": undefined,
  "preferOffline": false,
  "preferOnline": false,
  "prefix": Any<String>,
  "preid": "",
  "projectScope": "",
  "proxy": null,
  "readOnly": false,
  "rebuildBundle": true,
  "registry": "https://registry.npmjs.org/",
  "retry": Object {
    "factor": 10,
    "maxTimeout": 60000,
    "minTimeout": 10000,
    "retries": 2,
  },
  "save": true,
  "saveBundle": false,
  "savePrefix": "^",
  "saveType": null,
  "scope": "",
  "scriptShell": undefined,
  "search": Object {
    "description": true,
    "exclude": null,
    "limit": 20,
    "opts": "",
    "staleness": 900,
  },
  "sendMetrics": false,
  "shell": Any<String>,
  "signGitCommit": false,
  "signGitTag": false,
  "ssoPollFrequency": 500,
  "ssoType": "oauth",
  "strictPeerDeps": false,
  "strictSSL": true,
  "tag": "latest",
  "tagVersionPrefix": "v",
  "timeout": 300000,
  "tmp": Any<String>,
  "umask": Any<Number>,
  "unicode": true,
  "userAgent": Any<String>,
  "viewer": "man",
  "which": undefined,
  "yes": undefined,
}
`;
