// Jest Snapshot v1, https://goo.gl/fbAQLP

exports[`stdout: simple 1`] = `
"Lerna __TEST_VERSION__
Scoping to packages that match 'package-1'

> package-1@1.0.0 my-script /tmp/adedbf29bf6edb284695f2cb2ba09d5b/packages/package-1
> echo package-1

package-1

Successfully ran npm script 'my-script' in packages:
- package-1"
`;
