// Jest Snapshot v1, https://goo.gl/fbAQLP

exports[`stderr: global --yes 1`] = `
"lerna info version __TEST_VERSION__
lerna info clean removing __TEST_ROOTDIR__/packages/package-1/node_modules
lerna info clean removing __TEST_ROOTDIR__/packages/package-2/node_modules
lerna info clean removing __TEST_ROOTDIR__/packages/package-3/node_modules
lerna success clean finished"
`;

exports[`stderr: local npm 1`] = `
"lerna info version __TEST_VERSION__
lerna info clean removing __TEST_ROOTDIR__/packages/package-1/node_modules
lerna info clean removing __TEST_ROOTDIR__/packages/package-2/node_modules
lerna info clean removing __TEST_ROOTDIR__/packages/package-3/node_modules
lerna success clean finished"
`;

exports[`stdout: global --yes 1`] = `""`;

exports[`stdout: local npm 1`] = `""`;
